// Jest Snapshot v1, https://goo.gl/fbAQLP

exports[`AllMenuspage component should render correctly 1`] = `ShallowWrapper {}`;
