// Jest Snapshot v1, https://goo.gl/fbAQLP

exports[`Button component should render correctly with no props 1`] = `ShallowWrapper {}`;
