// Jest Snapshot v1, https://goo.gl/fbAQLP

exports[`Editable star rating component should render correctly with no props 1`] = `ShallowWrapper {}`;
