// Jest Snapshot v1, https://goo.gl/fbAQLP

exports[`Login page component has correct Link path to recommendations 1`] = `ReactWrapper {}`;

exports[`Login page component should render correctly 1`] = `ShallowWrapper {}`;
