// Jest Snapshot v1, https://goo.gl/fbAQLP

exports[`Navbar component should keep track of logged in state 1`] = `ReactWrapper {}`;

exports[`Navbar component should render correctly 1`] = `ShallowWrapper {}`;
