// Jest Snapshot v1, https://goo.gl/fbAQLP

exports[`Recommendations page component should render correctly without props 1`] = `ShallowWrapper {}`;
